
> app---boost-homebroker@0.0.0 update-prices
> tsx scripts/fetch_mtg_prices.ts

[dotenv@17.2.3] injecting env (3) from .env -- tip: ÔÜÖ´©Å  load multiple .env files with { path: ['.env.local', '.env'] }
Starting MTGJSON price sync... (Dry Run: false)
Batch size: 100
Delay between batches: 8000ms
TEST MODE: Limited to 1 batch(es)

Fetching batch 1/1: skip=0, take=100
Processing 100 cards...
Fetching FX rate for 2025-09-10...

=== Sync Result ===
node.exe : Error: Error: Rate not found
No linha:1 caractere:1
+ & "C:\Program Files\nodejs/node.exe" "C:\Program Files\nodejs/node_mo ...
+ ~~~~~~~~~~~~~~~~~~~~~~~~~~~~~~~~~~~~~~~~~~~~~~~~~~~~~~~~~~~~~~~~~~~~~
    + CategoryInfo          : NotSpecified: (Error: Error: Rate not found:Stri 
   ng) [], RemoteException
    + FullyQualifiedErrorId : NativeCommandError
 
    at getFxRateForDate (E:\Dev\App - Boost 
Homebroker\scripts\fetch_mtg_prices.ts:62:22)
    at process.processTicksAndRejections 
(node:internal/process/task_queues:103:5)
    at async processCard (E:\Dev\App - Boost 
Homebroker\scripts\fetch_mtg_prices.ts:106:24)
    at async main (E:\Dev\App - Boost 
Homebroker\scripts\fetch_mtg_prices.ts:204:17)
Cards processed: 0
Prices inserted: 0
Cards updated: 0
Unmatched cards: 0
FX rates fetched: 0
